// Jest Snapshot v1, https://goo.gl/fbAQLP

exports[`snapshots matches snapshot 1`] = `
<DocumentFragment>
  <div
    class="EditableTodoList"
  >
    <div
      class="EditableTodo"
    >
      <div
        class="mb-3"
      >
        <div
          class="float-end text-sm-end"
        >
          <button
            class="EditableTodo-toggle btn-link btn btn-sm"
          >
            Edit
          </button>
          <button
            class="EditableTodo-delBtn btn-link btn btn-sm text-danger"
          >
            Del
          </button>
        </div>
        <div
          class="Todo"
        >
          <div>
            <b>
              top1
            </b>
             
            <small>
              (priority: 1)
            </small>
          </div>
          <div>
            <small>
              mock1
            </small>
          </div>
        </div>
      </div>
    </div>
    <div
      class="EditableTodo"
    >
      <div
        class="mb-3"
      >
        <div
          class="float-end text-sm-end"
        >
          <button
            class="EditableTodo-toggle btn-link btn btn-sm"
          >
            Edit
          </button>
          <button
            class="EditableTodo-delBtn btn-link btn btn-sm text-danger"
          >
            Del
          </button>
        </div>
        <div
          class="Todo"
        >
          <div>
            <b>
              top2
            </b>
             
            <small>
              (priority: 2)
            </small>
          </div>
          <div>
            <small>
              mock2
            </small>
          </div>
        </div>
      </div>
    </div>
    <div
      class="EditableTodo"
    >
      <div
        class="mb-3"
      >
        <div
          class="float-end text-sm-end"
        >
          <button
            class="EditableTodo-toggle btn-link btn btn-sm"
          >
            Edit
          </button>
          <button
            class="EditableTodo-delBtn btn-link btn btn-sm text-danger"
          >
            Del
          </button>
        </div>
        <div
          class="Todo"
        >
          <div>
            <b>
              top3
            </b>
             
            <small>
              (priority: 3)
            </small>
          </div>
          <div>
            <small>
              mock3
            </small>
          </div>
        </div>
      </div>
    </div>
  </div>
</DocumentFragment>
`;
